---
source: tests/tls_cli_integration.rs
expression: stderr
---
Database connection pool creation failed: Invalid CA certificate format in /tmp/test_cert.pem: No valid certificates found in file. Ensure the file contains valid PEM certificates
